Archive member included because of file (symbol)

libs/gcc/app_start.lib(adc.o)
                              build\gcc\obj/custom/APP.o (Ql_ADC_Register)
libs/gcc/app_start.lib(eint.o)
                              build\gcc\obj/custom/APP.o (Ql_EINT_Register)
libs/gcc/app_start.lib(gpio.o)
                              build\gcc\obj/custom/APP.o (Ql_GPIO_Init)
libs/gcc/app_start.lib(iic.o)
                              build\gcc\obj/custom/APP.o (Ql_IIC_Init)
libs/gcc/app_start.lib(memory.o)
                              build\gcc\obj/ril/src/ril_lwm2m.o (Ql_MEM_Alloc)
libs/gcc/app_start.lib(power.o)
                              build\gcc\obj/custom/APP.o (Ql_SleepDisable)
libs/gcc/app_start.lib(ql_func.o)
                              libs/gcc/app_start.lib(memory.o) (api_notsup)
libs/gcc/app_start.lib(ql_main.o)
                              build\gcc\obj/ril/src/ril_atResponse.o (Ql_sscanf)
libs/gcc/app_start.lib(ril_aux.o)
                              build\gcc\obj/custom/config/sys_config.o (proc_reserved2)
libs/gcc/app_start.lib(ril_main.o)
                              build\gcc\obj/custom/APP.o (Ql_RIL_Initialize)
libs/gcc/app_start.lib(stdlib_func.o)
                              build\gcc\obj/custom/cJSON.o (Ql_strcpy)
libs/gcc/app_start.lib(system.o)
                              build\gcc\obj/custom/APP.o (Ql_Sleep)
libs/gcc/app_start.lib(taskMngt.o)
                              build\gcc\obj/custom/APP.o (Ql_OS_GetMessage)
libs/gcc/app_start.lib(timer.o)
                              build\gcc\obj/custom/APP.o (Ql_Timer_Register)
libs/gcc/app_start.lib(uart.o)
                              build\gcc\obj/custom/APP.o (Ql_UART_Register)
libs/gcc/app_start.lib(ocpu_init.o)
                              libs/gcc/app_start.lib(ql_main.o) (_OCPU_InitUserMem)
tools\gcc\win\gcc-arm-none-eabi/arm-none-eabi/lib/armv7e-m/fpu/libc.a(lib_a-atoi.o)
                              build\gcc\obj/ril/src/ril_system.o (atoi)
tools\gcc\win\gcc-arm-none-eabi/arm-none-eabi/lib/armv7e-m/fpu/libc.a(lib_a-memcpy.o)
                              build\gcc\obj/ril/src/ril_system.o (memcpy)
tools\gcc\win\gcc-arm-none-eabi/arm-none-eabi/lib/armv7e-m/fpu/libc.a(lib_a-memset.o)
                              build\gcc\obj/custom/cJSON.o (memset)
tools\gcc\win\gcc-arm-none-eabi/arm-none-eabi/lib/armv7e-m/fpu/libc.a(lib_a-strchr.o)
                              build\gcc\obj/ril/src/ril_system.o (strchr)
tools\gcc\win\gcc-arm-none-eabi/arm-none-eabi/lib/armv7e-m/fpu/libc.a(lib_a-strcpy.o)
                              build\gcc\obj/ril/src/ril_system.o (strcpy)
tools\gcc\win\gcc-arm-none-eabi/arm-none-eabi/lib/armv7e-m/fpu/libc.a(lib_a-strlen.o)
                              build\gcc\obj/ril/src/ril_system.o (strlen)
tools\gcc\win\gcc-arm-none-eabi/arm-none-eabi/lib/armv7e-m/fpu/libc.a(lib_a-strncpy.o)
                              build\gcc\obj/ril/src/ril_system.o (strncpy)
tools\gcc\win\gcc-arm-none-eabi/arm-none-eabi/lib/armv7e-m/fpu/libc.a(lib_a-strsep.o)
                              build\gcc\obj/ril/src/ril_system.o (strsep)
tools\gcc\win\gcc-arm-none-eabi/arm-none-eabi/lib/armv7e-m/fpu/libc.a(lib_a-strtod.o)
                              build\gcc\obj/custom/cJSON.o (strtod)
tools\gcc\win\gcc-arm-none-eabi/arm-none-eabi/lib/armv7e-m/fpu/libc.a(lib_a-strtok.o)
                              build\gcc\obj/ril/src/ril_system.o (strtok)
tools\gcc\win\gcc-arm-none-eabi/arm-none-eabi/lib/armv7e-m/fpu/libc.a(lib_a-strtok_r.o)
                              tools\gcc\win\gcc-arm-none-eabi/arm-none-eabi/lib/armv7e-m/fpu/libc.a(lib_a-strsep.o) (__strtok_r)
tools\gcc\win\gcc-arm-none-eabi/arm-none-eabi/lib/armv7e-m/fpu/libc.a(lib_a-strtol.o)
                              tools\gcc\win\gcc-arm-none-eabi/arm-none-eabi/lib/armv7e-m/fpu/libc.a(lib_a-atoi.o) (_strtol_r)
tools\gcc\win\gcc-arm-none-eabi/arm-none-eabi/lib/armv7e-m/fpu/libc.a(lib_a-ctype_.o)
                              tools\gcc\win\gcc-arm-none-eabi/arm-none-eabi/lib/armv7e-m/fpu/libc.a(lib_a-strtol.o) (__ctype_ptr__)
tools\gcc\win\gcc-arm-none-eabi/arm-none-eabi/lib/armv7e-m/fpu/libc.a(lib_a-gdtoa-gethex.o)
                              tools\gcc\win\gcc-arm-none-eabi/arm-none-eabi/lib/armv7e-m/fpu/libc.a(lib_a-strtod.o) (__gethex)
tools\gcc\win\gcc-arm-none-eabi/arm-none-eabi/lib/armv7e-m/fpu/libc.a(lib_a-gdtoa-hexnan.o)
                              tools\gcc\win\gcc-arm-none-eabi/arm-none-eabi/lib/armv7e-m/fpu/libc.a(lib_a-strtod.o) (__hexnan)
tools\gcc\win\gcc-arm-none-eabi/arm-none-eabi/lib/armv7e-m/fpu/libc.a(lib_a-impure.o)
                              tools\gcc\win\gcc-arm-none-eabi/arm-none-eabi/lib/armv7e-m/fpu/libc.a(lib_a-strtod.o) (_impure_ptr)
tools\gcc\win\gcc-arm-none-eabi/arm-none-eabi/lib/armv7e-m/fpu/libc.a(lib_a-locale.o)
                              tools\gcc\win\gcc-arm-none-eabi/arm-none-eabi/lib/armv7e-m/fpu/libc.a(lib_a-strtod.o) (_localeconv_r)
tools\gcc\win\gcc-arm-none-eabi/arm-none-eabi/lib/armv7e-m/fpu/libc.a(lib_a-mprec.o)
[...]
Memory Configuration

Name             Origin             Length             Attributes
ROM              0x08292040         0x00032000         xr
RAM              0x001e7000         0x00019000         xrw
*default*        0x00000000         0xffffffff

Linker script and memory map

                0x08292040                . = 0x8292040

.initdata       0x08292040       0x2c
                0x08292040                . = ALIGN (0x4)
 *(.initdata)
 .initdata      0x08292040       0x2c libs/gcc/app_start.lib(ql_main.o)
                0x08292040                GADLENTRY

text            0x0829206c     0x4130
                0x0829206c                . = ALIGN (0x4)
 *(.text.*)
 .text.Ql_RIL_AT_SetErrCode
                0x0829206c        0xc build\gcc\obj/ril/src/ril_atResponse.o
                0x0829206c                Ql_RIL_AT_SetErrCode
 .text.Default_atRsp_callback
                0x08292078       0xec build\gcc\obj/ril/src/ril_atResponse.o
                0x08292078                Default_atRsp_callback
 .text.DFOTA_Analysis
                0x08292164      0x104 build\gcc\obj/ril/src/ril_dfota.o
                0x08292164                DFOTA_Analysis
 .text.Dfota_Upgrade_States
                0x08292268        0x2 build\gcc\obj/ril/src/ril_dfota.o
                0x08292268                Dfota_Upgrade_States
 .text.RIL_GetInitCmdCnt
                0x0829226a        0x4 build\gcc\obj/ril/src/ril_init.o
                0x0829226a                RIL_GetInitCmdCnt
 .text.RIL_GetLimitedCmdCnt
                0x0829226e        0x4 build\gcc\obj/ril/src/ril_init.o
                0x0829226e                RIL_GetLimitedCmdCnt
 *fill*         0x08292272        0x2 
 .text.ATResponse_CEREG_Handler
                0x08292274       0x84 build\gcc\obj/ril/src/ril_network.o
 .text.RIL_SIM_GetSimStateByName
                0x082922f8       0xc8 build\gcc\obj/ril/src/ril_network.o
                0x082922f8                RIL_SIM_GetSimStateByName
 .text.RIL_NW_GetEGPRSState
                0x082923c0       0x4c build\gcc\obj/ril/src/ril_network.o
                0x082923c0                RIL_NW_GetEGPRSState
 .text.QSDK_Get_Str
                0x0829240c       0x78 build\gcc\obj/ril/src/ril_system.o
                0x0829240c                QSDK_Get_Str
 .text.open_socket_push_json_param_parse_cmd
                0x08292484      0x128 build\gcc\obj/ril/src/ril_system.o
                0x08292484                open_socket_push_json_param_parse_cmd
 .text.open_lwm2m_param_parse_cmd
                0x082925ac      0x130 build\gcc\obj/ril/src/ril_system.o
                0x082925ac                open_lwm2m_param_parse_cmd
 .text.open_onenet_push_param_parse_cmd
                0x082926dc      0x170 build\gcc\obj/ril/src/ril_system.o
                0x082926dc                open_onenet_push_param_parse_cmd
 .text.OnURCHandler_QMTSUB_Hander
                0x0829284c       0x6c build\gcc\obj/ril/src/ril_urc.o
 .text.OnURCHandler_QMTCONNECT_Hander
                0x082928b8       0x70 build\gcc\obj/ril/src/ril_urc.o
 .text.OnURCHandler_ONENET_EXECUTE
                0x08292928      0x104 build\gcc\obj/ril/src/ril_urc.o
 .text.OnURCHandler_ONENET_READ
                0x08292a2c       0xdc build\gcc\obj/ril/src/ril_urc.o
 .text.OnURCHandler_ONENET_DISCOVER
                0x08292b08       0xac build\gcc\obj/ril/src/ril_urc.o
 .text.OnURCHandler_ONENET_OBSERVER
                0x08292bb4       0xf0 build\gcc\obj/ril/src/ril_urc.o
 .text.OnURCHandler_ONENET_EVENT
                0x08292ca4       0xf8 build\gcc\obj/ril/src/ril_urc.o
 .text.OnURCHandler_LwM2M_OBSERVE
                0x08292d9c       0xc4 build\gcc\obj/ril/src/ril_urc.o
 .text.OnURCHandler_QMTRECV_Hander
                0x08292e60      0x110 build\gcc\obj/ril/src/ril_urc.o
 .text.OnURCHandler_CFUN
                0x08292f70       0x70 build\gcc\obj/ril/src/ril_urc.o
 .text.OnURCHandler_DFOTA_Hander
                0x08292fe0       0x3c build\gcc\obj/ril/src/ril_urc.o
 .text.OnURCHandler_Network
                0x0829301c       0x80 build\gcc\obj/ril/src/ril_urc.o
 .text.OnURCHandler_ONENET_WRITE
                0x0829309c      0x14c build\gcc\obj/ril/src/ril_urc.o
 .text.OnURCHandler_LwM2M_RECV_DATA
                0x082931e8       0xec build\gcc\obj/ril/src/ril_urc.o
 .text.OnURCHandler_QIURC_DATA
                0x082932d4      0x160 build\gcc\obj/ril/src/ril_urc.o
 .text.OnURCHandler_NbiotEvent
                0x08293434       0x7c build\gcc\obj/ril/src/ril_urc.o
 .text.OnURCHandler_SIM
                0x082934b0       0x90 build\gcc\obj/ril/src/ril_urc.o
 .text.OnURCHandler_QMTOPEN_Hander
                0x08293540       0x48 build\gcc\obj/ril/src/ril_urc.o
 .text.OnURCHandler
                0x08293588       0x70 build\gcc\obj/ril/src/ril_urc.o
                0x08293588                OnURCHandler
 .text.Ql_RIL_IsURCStr
                0x082935f8       0x40 build\gcc\obj/ril/src/ril_urc.o
                0x082935f8                Ql_RIL_IsURCStr
 .text.Ql_StrPrefixMatch
                0x08293638       0x28 build\gcc\obj/ril/src/ril_util.o
                0x08293638                Ql_StrPrefixMatch
 .text.Ql_StrToUpper
                0x08293660       0x28 build\gcc\obj/ril/src/ril_util.o
                0x08293660                Ql_StrToUpper
 .text.Ql_RIL_FindString
                0x08293688       0x50 build\gcc\obj/ril/src/ril_util.o
                0x08293688                Ql_RIL_FindString
 .text.Ql_RIL_FindLine
                0x082936d8      0x154 build\gcc\obj/ril/src/ril_util.o
                0x082936d8                Ql_RIL_FindLine
 .text.callback_eint_handle
                0x0829382c       0xec build\gcc\obj/custom/APP.o
 .text.Callback_OnADCSampling
                0x08293918       0x90 build\gcc\obj/custom/APP.o
 .text.ATResponse_Handler
                0x082939a8       0x98 build\gcc\obj/custom/APP.o
 .text.ATResponse_IsOPEN_Handler
                0x08293a40       0xac build\gcc\obj/custom/APP.o
 .text.CallBack_UART_Hdlr
                0x08293aec       0xe8 build\gcc\obj/custom/APP.o
 .text.RIL_MQTT_KEEPALIVE
                0x08293bd4       0x7c build\gcc\obj/custom/APP.o
                0x08293bd4                RIL_MQTT_KEEPALIVE
 .text.RIL_MQTT_VERSION
                0x08293c50       0x78 build\gcc\obj/custom/APP.o
                0x08293c50                RIL_MQTT_VERSION
 .text.RIL_MQTT_OPEN
                0x08293cc8       0x94 build\gcc\obj/custom/APP.o
                0x08293cc8                RIL_MQTT_OPEN
 .text.RIL_MQTT_CONNECT
                0x08293d5c       0xbc build\gcc\obj/custom/APP.o
                0x08293d5c                RIL_MQTT_CONNECT
 .text.RIL_MQTT_SUB
                0x08293e18       0x98 build\gcc\obj/custom/APP.o
                0x08293e18                RIL_MQTT_SUB
 .text.RIL_MQTT_PUB
                0x08293eb0       0xb8 build\gcc\obj/custom/APP.o
                0x08293eb0                RIL_MQTT_PUB
 .text.RIL_MQTT_IsOPEN
                0x08293f68       0x40 build\gcc\obj/custom/APP.o
                0x08293f68                RIL_MQTT_IsOPEN
 .text.Callback_Timer
                0x08293fa8      0x2cc build\gcc\obj/custom/APP.o
 .text.proc_main_task
                0x08294274      0x6d8 build\gcc\obj/custom/APP.o
                0x08294274                proc_main_task
 .text.Ql_ADC_Register
                0x0829494c       0x3c libs/gcc/app_start.lib(adc.o)
                0x0829494c                Ql_ADC_Register
 .text.Ql_ADC_Init
                0x08294988       0x3c libs/gcc/app_start.lib(adc.o)
                0x08294988                Ql_ADC_Init
 .text.Ql_ADC_Sampling
                0x082949c4       0x38 libs/gcc/app_start.lib(adc.o)
                0x082949c4                Ql_ADC_Sampling
 .text.Ql_EINT_Register
                0x082949fc       0x3c libs/gcc/app_start.lib(eint.o)
                0x082949fc                Ql_EINT_Register
 .text.Ql_EINT_Init
                0x08294a38       0x4c libs/gcc/app_start.lib(eint.o)
                0x08294a38                Ql_EINT_Init
 .text.Ql_EINT_Mask
                0x08294a84       0x2c libs/gcc/app_start.lib(eint.o)
                0x08294a84                Ql_EINT_Mask
 .text.Ql_EINT_Unmask
                0x08294ab0       0x2c libs/gcc/app_start.lib(eint.o)
                0x08294ab0                Ql_EINT_Unmask
 .text.Ql_GPIO_Init
                0x08294adc       0x44 libs/gcc/app_start.lib(gpio.o)
                0x08294adc                Ql_GPIO_Init
 .text.Ql_GPIO_SetLevel
                0x08294b20       0x38 libs/gcc/app_start.lib(gpio.o)
                0x08294b20                Ql_GPIO_SetLevel
 .text.Ql_IIC_Init
                0x08294b58       0x44 libs/gcc/app_start.lib(iic.o)
                0x08294b58                Ql_IIC_Init
 .text.Ql_IIC_Config
                0x08294b9c       0x44 libs/gcc/app_start.lib(iic.o)
                0x08294b9c                Ql_IIC_Config
 .text.Ql_IIC_Write
                0x08294be0       0x44 libs/gcc/app_start.lib(iic.o)
                0x08294be0                Ql_IIC_Write
 .text.Ql_IIC_Write_Read
                0x08294c24       0x4c libs/gcc/app_start.lib(iic.o)
                0x08294c24                Ql_IIC_Write_Read
 .text.Ql_MEM_Alloc
                0x08294c70       0x44 libs/gcc/app_start.lib(memory.o)
                0x08294c70                Ql_MEM_Alloc
 .text.Ql_MEM_Free
                0x08294cb4       0x40 libs/gcc/app_start.lib(memory.o)
                0x08294cb4                Ql_MEM_Free
 .text.Ql_SleepDisable
                0x08294cf4       0x30 libs/gcc/app_start.lib(power.o)
                0x08294cf4                Ql_SleepDisable
 .text.ql_InitVFunc
                0x08294d24       0x7c libs/gcc/app_start.lib(ql_main.o)
                0x08294d24                ql_InitVFunc
 .text.ocpu_main
                0x08294da0       0x68 libs/gcc/app_start.lib(ql_main.o)
                0x08294da0                ocpu_main
 .text.proc_reserved2
                0x08294e08       0x40 libs/gcc/app_start.lib(ril_aux.o)
                0x08294e08                proc_reserved2
 .text.ril_StopATTimer
                0x08294e48       0x1c libs/gcc/app_start.lib(ril_main.o)
 .text.Callback_OnATTimer
                0x08294e64       0x34 libs/gcc/app_start.lib(ril_main.o)
 .text.Ql_RIL_Initialize
                0x08294e98       0x90 libs/gcc/app_start.lib(ril_main.o)
                0x08294e98                Ql_RIL_Initialize
 .text.Ql_RIL_SendATCmd
                0x08294f28      0x1c8 libs/gcc/app_start.lib(ril_main.o)
                0x08294f28                Ql_RIL_SendATCmd
 .text.str_seacher_with
                0x082950f0       0x58 libs/gcc/app_start.lib(ril_main.o)
                0x082950f0                str_seacher_with
 .text.proc_reserved1
                0x08295148      0x340 libs/gcc/app_start.lib(ril_main.o)
                0x08295148                proc_reserved1
 .text.Ql_strncpy
                0x08295488       0x50 libs/gcc/app_start.lib(stdlib_func.o)
                0x08295488                Ql_strncpy
 .text.Ql_strlen
                0x082954d8       0x44 libs/gcc/app_start.lib(stdlib_func.o)
                0x082954d8                Ql_strlen
 .text.Ql_strncmp
                0x0829551c       0x3c libs/gcc/app_start.lib(stdlib_func.o)
                0x0829551c                Ql_strncmp
 .text.Ql_memset
                0x08295558       0x50 libs/gcc/app_start.lib(stdlib_func.o)
                0x08295558                Ql_memset
 .text.Ql_memcpy
                0x082955a8       0x50 libs/gcc/app_start.lib(stdlib_func.o)
                0x082955a8                Ql_memcpy
 .text.Ql_memcmp
                0x082955f8       0x3c libs/gcc/app_start.lib(stdlib_func.o)
                0x082955f8                Ql_memcmp
 .text.Ql_strstr
                0x08295634       0x48 libs/gcc/app_start.lib(stdlib_func.o)
                0x08295634                Ql_strstr
 .text.Ql_strchr
                0x0829567c       0x48 libs/gcc/app_start.lib(stdlib_func.o)
                0x0829567c                Ql_strchr
 .text.Ql_toupper
                0x082956c4        0x4 libs/gcc/app_start.lib(stdlib_func.o)
                0x082956c4                Ql_toupper
 .text.Ql_atoi  0x082956c8       0x4e libs/gcc/app_start.lib(stdlib_func.o)
                0x082956c8                Ql_atoi
 *fill*         0x08295716        0x2 
 .text.Ql_Sleep
                0x08295718       0x40 libs/gcc/app_start.lib(system.o)
                0x08295718                Ql_Sleep
 .text.Ql_Reset
                0x08295758       0x40 libs/gcc/app_start.lib(system.o)
                0x08295758                Ql_Reset
 .text.Ql_GetvFunc_Init_Status
                0x08295798       0x28 libs/gcc/app_start.lib(system.o)
                0x08295798                Ql_GetvFunc_Init_Status
 .text.Ql_GetSDKVer
                0x082957c0       0x38 libs/gcc/app_start.lib(system.o)
                0x082957c0                Ql_GetSDKVer
 .text.Ql_OS_GetMessage
                0x082957f8       0x34 libs/gcc/app_start.lib(taskMngt.o)
                0x082957f8                Ql_OS_GetMessage
 .text.Ql_OS_SendMessage
                0x0829582c       0x44 libs/gcc/app_start.lib(taskMngt.o)
                0x0829582c                Ql_OS_SendMessage
 .text.Ql_OS_CreateMutex
                0x08295870       0x28 libs/gcc/app_start.lib(taskMngt.o)
                0x08295870                Ql_OS_CreateMutex
 .text.Ql_OS_TakeMutex
                0x08295898       0x30 libs/gcc/app_start.lib(taskMngt.o)
                0x08295898                Ql_OS_TakeMutex
 .text.Ql_OS_GiveMutex
                0x082958c8       0x2c libs/gcc/app_start.lib(taskMngt.o)
                0x082958c8                Ql_OS_GiveMutex
 .text.Ql_OS_CreateEvent
                0x082958f4       0x28 libs/gcc/app_start.lib(taskMngt.o)
                0x082958f4                Ql_OS_CreateEvent
 .text.Ql_OS_WaitEvent
                0x0829591c       0x3c libs/gcc/app_start.lib(taskMngt.o)
                0x0829591c                Ql_OS_WaitEvent
 .text.Ql_OS_SetEvent
                0x08295958       0x38 libs/gcc/app_start.lib(taskMngt.o)
                0x08295958                Ql_OS_SetEvent
 .text.Ql_ril_request_command
                0x08295990       0x34 libs/gcc/app_start.lib(taskMngt.o)
                0x08295990                Ql_ril_request_command
 .text.Ql_Timer_Register
                0x082959c4       0x3c libs/gcc/app_start.lib(timer.o)
                0x082959c4                Ql_Timer_Register
 .text.Ql_Timer_Start
                0x08295a00       0x3c libs/gcc/app_start.lib(timer.o)
                0x08295a00                Ql_Timer_Start
 .text.Ql_Timer_Stop
                0x08295a3c       0x34 libs/gcc/app_start.lib(timer.o)
                0x08295a3c                Ql_Timer_Stop
 .text.Ql_UART_Register
                0x08295a70       0x3c libs/gcc/app_start.lib(uart.o)
                0x08295a70                Ql_UART_Register
 .text.Ql_UART_Open
                0x08295aac       0x3c libs/gcc/app_start.lib(uart.o)
                0x08295aac                Ql_UART_Open
 .text.Ql_UART_Write
                0x08295ae8       0x3c libs/gcc/app_start.lib(uart.o)
                0x08295ae8                Ql_UART_Write
 .text.Ql_UART_Read
                0x08295b24       0x3c libs/gcc/app_start.lib(uart.o)
                0x08295b24                Ql_UART_Read
 .text.atoi     0x08295b60        0x8 tools\gcc\win\gcc-arm-none-eabi/arm-none-eabi/lib/armv7e-m/fpu/libc.a(lib_a-atoi.o)
                0x08295b60                atoi
 .text.memset   0x08295b68       0x94 tools\gcc\win\gcc-arm-none-eabi/arm-none-eabi/lib/armv7e-m/fpu/libc.a(lib_a-memset.o)
                0x08295b68                memset
 .text.strchr   0x08295bfc       0xf4 tools\gcc\win\gcc-arm-none-eabi/arm-none-eabi/lib/armv7e-m/fpu/libc.a(lib_a-strchr.o)
                0x08295bfc                strchr
 .text.strcpy   0x08295cf0       0xbc tools\gcc\win\gcc-arm-none-eabi/arm-none-eabi/lib/armv7e-m/fpu/libc.a(lib_a-strcpy.o)
                0x08295cf0                strcpy
 .text.strlen   0x08295dac       0x60 tools\gcc\win\gcc-arm-none-eabi/arm-none-eabi/lib/armv7e-m/fpu/libc.a(lib_a-strlen.o)
                0x08295dac                strlen
 .text.strncpy  0x08295e0c       0x64 tools\gcc\win\gcc-arm-none-eabi/arm-none-eabi/lib/armv7e-m/fpu/libc.a(lib_a-strncpy.o)
                0x08295e0c                strncpy
 .text.strsep   0x08295e70        0xc tools\gcc\win\gcc-arm-none-eabi/arm-none-eabi/lib/armv7e-m/fpu/libc.a(lib_a-strsep.o)
                0x08295e70                strsep
 .text.strtok   0x08295e7c       0x10 tools\gcc\win\gcc-arm-none-eabi/arm-none-eabi/lib/armv7e-m/fpu/libc.a(lib_a-strtok.o)
                0x08295e7c                strtok
 .text.__strtok_r
                0x08295e8c       0x64 tools\gcc\win\gcc-arm-none-eabi/arm-none-eabi/lib/armv7e-m/fpu/libc.a(lib_a-strtok_r.o)
                0x08295e8c                __strtok_r
 .text._strtol_r
                0x08295ef0      0x114 tools\gcc\win\gcc-arm-none-eabi/arm-none-eabi/lib/armv7e-m/fpu/libc.a(lib_a-strtol.o)
                0x08295ef0                _strtol_r
 .text.strtol   0x08296004       0x18 tools\gcc\win\gcc-arm-none-eabi/arm-none-eabi/lib/armv7e-m/fpu/libc.a(lib_a-strtol.o)
                0x08296004                strtol
 *(.text)
 .text          0x0829601c       0x4c libs/gcc/app_start.lib(ocpu_init.o)
                0x08296030                _OCPU_InitUserMem
 .text          0x08296068      0x134 tools\gcc\win\gcc-arm-none-eabi/arm-none-eabi/lib/armv7e-m/fpu/libc.a(lib_a-memcpy.o)
                0x08296068                memcpy

.glue_7         0x0829619c        0x0
 .glue_7        0x00000000        0x0 linker stubs

.glue_7t        0x0829619c        0x0
 .glue_7t       0x00000000        0x0 linker stubs

.vfp11_veneer   0x0829619c        0x0
 .vfp11_veneer  0x00000000        0x0 linker stubs

.v4_bx          0x0829619c        0x0
 .v4_bx         0x00000000        0x0 linker stubs

.iplt           0x0829619c        0x0
 .iplt          0x00000000        0x0 build\gcc\obj/custom/config/custom_sys_cfg.o

.rodata         0x0829619c       0xc8
                0x0829619c                . = ALIGN (0x4)
 *(.rodata)
 .rodata        0x0829619c        0xb build\gcc\obj/ril/src/ril_network.o
 .rodata        0x082961a7       0x91 build\gcc\obj/custom/APP.o
 .rodata        0x08296238       0x16 libs/gcc/app_start.lib(ql_main.o)
 .rodata        0x0829624e       0x16 libs/gcc/app_start.lib(system.o)
                0x082973d8                __data_load = LOADADDR (.data)

.rodata.wtdCfg  0x08296264        0x2
 .rodata.wtdCfg
                0x08296264        0x2 build\gcc\obj/custom/config/custom_sys_cfg.o

.rodata.appEnableCfg
                0x08296268        0x4
 .rodata.appEnableCfg
                0x08296268        0x4 build\gcc\obj/custom/config/custom_sys_cfg.o

.rodata.debugPortCfg
                0x0829626c        0x1
 .rodata.debugPortCfg
                0x0829626c        0x1 build\gcc\obj/custom/config/custom_sys_cfg.o

.rodata.debugPortSet
                0x0829626d        0x2
 .rodata.debugPortSet
                0x0829626d        0x2 build\gcc\obj/custom/config/custom_sys_cfg.o

.rodata.SystemCfg
                0x08296270       0x3c
 .rodata.SystemCfg
                0x08296270       0x3c build\gcc\obj/custom/config/custom_sys_cfg.o
                0x08296270                SystemCfg

.rodata.GpioConfigTbl
                0x082962ac        0x4
 .rodata.GpioConfigTbl
                0x082962ac        0x4 build\gcc\obj/custom/config/sys_config.o
                0x082962ac                GpioConfigTbl

.rodata.TaskConfig
                0x082962b0       0x50
 .rodata.TaskConfig
                0x082962b0       0x50 build\gcc\obj/custom/config/sys_config.o
                0x082962b0                TaskConfig

.rodata.str1.1  0x08296300      0xbdf
 .rodata.str1.1
                0x08296300       0x4c build\gcc\obj/ril/src/ril_atResponse.o
                                 0x52 (size before relaxing)
 .rodata.str1.1
                0x0829634c       0x4e build\gcc\obj/ril/src/ril_dfota.o
 .rodata.str1.1
                0x0829639a       0x2c build\gcc\obj/ril/src/ril_init.o
 .rodata.str1.1
                0x082963c6       0x63 build\gcc\obj/ril/src/ril_network.o
                                 0x8e (size before relaxing)
 .rodata.str1.1
                0x08296429       0x3c build\gcc\obj/ril/src/ril_system.o
                                 0x56 (size before relaxing)
 .rodata.str1.1
                0x08296465      0x156 build\gcc\obj/ril/src/ril_urc.o
                                0x15c (size before relaxing)
 .rodata.str1.1
                0x082965bb       0x11 build\gcc\obj/ril/src/ril_util.o
                                 0x16 (size before relaxing)
 .rodata.str1.1
                0x082965cc      0x437 build\gcc\obj/custom/APP.o
                                0x4bd (size before relaxing)
 .rodata.str1.1
                0x08296a03       0x2c libs/gcc/app_start.lib(adc.o)
 .rodata.str1.1
                0x08296a2f       0x6f libs/gcc/app_start.lib(eint.o)
 .rodata.str1.1
                0x08296a9e       0x81 libs/gcc/app_start.lib(gpio.o)
 .rodata.str1.1
                0x08296b1f       0x53 libs/gcc/app_start.lib(iic.o)
 .rodata.str1.1
                0x08296b72       0x19 libs/gcc/app_start.lib(memory.o)
 .rodata.str1.1
                0x08296b8b       0x33 libs/gcc/app_start.lib(power.o)
 .rodata.str1.1
                0x08296bbe       0x1a libs/gcc/app_start.lib(ql_main.o)
 .rodata.str1.1
                0x08296bd8        0xa libs/gcc/app_start.lib(ril_main.o)
                                 0x11 (size before relaxing)
 .rodata.str1.1
                0x08296be2       0xa1 libs/gcc/app_start.lib(stdlib_func.o)
 .rodata.str1.1
                0x08296c83       0x2a libs/gcc/app_start.lib(system.o)
 .rodata.str1.1
                0x08296cad      0x197 libs/gcc/app_start.lib(taskMngt.o)
 .rodata.str1.1
                0x08296e44       0x45 libs/gcc/app_start.lib(timer.o)
 .rodata.str1.1
                0x08296e89       0x56 libs/gcc/app_start.lib(uart.o)

.rodata.m_AtURCHdlEntry
                0x08296ee0      0x310
 .rodata.m_AtURCHdlEntry
                0x08296ee0      0x310 build\gcc\obj/ril/src/ril_urc.o

.rodata.m_SysURCHdlEntry
                0x082971f0       0xe0
 .rodata.m_SysURCHdlEntry
                0x082971f0       0xe0 build\gcc\obj/ril/src/ril_urc.o

.rodata._ctype_
                0x082972d0      0x104
 .rodata._ctype_
                0x082972d0      0x104 tools\gcc\win\gcc-arm-none-eabi/arm-none-eabi/lib/armv7e-m/fpu/libc.a(lib_a-ctype_.o)
                0x082972d0                _ctype_

.rodata.str1.4  0x082973d4        0x4
 .rodata.str1.4
                0x082973d4        0x4 tools\gcc\win\gcc-arm-none-eabi/arm-none-eabi/lib/armv7e-m/fpu/libc.a(lib_a-impure.o)

.rel.dyn        0x082973d8        0x0
 .rel.iplt      0x00000000        0x0 build\gcc\obj/custom/config/custom_sys_cfg.o

.data           0x001e7000      0x4a4 load address 0x082973d8
                0x001e7000                __data_start = .
                0x001e7000                . = ALIGN (0x4)
 *(.data.*)
 .data.g_InitCmds
                0x001e7000        0xc build\gcc\obj/ril/src/ril_init.o
                0x001e7000                g_InitCmds
 .data.g_LimitedCmds
                0x001e700c        0x4 build\gcc\obj/ril/src/ril_init.o
                0x001e700c                g_LimitedCmds
 .data.g_LWM2M_RECV_DATA_MODE
                0x001e7010        0x1 build\gcc\obj/ril/src/ril_lwm2m.o
                0x001e7010                g_LWM2M_RECV_DATA_MODE
 *fill*         0x001e7011        0x3 
 .data.eint_worknum
                0x001e7014        0x4 build\gcc\obj/custom/APP.o
                0x001e7014                eint_worknum
 .data.SERVER_ADDR
                0x001e7018        0x7 build\gcc\obj/custom/APP.o
                0x001e7018                SERVER_ADDR
 .data.USERNAME_ADDR
                0x001e701f        0x7 build\gcc\obj/custom/APP.o
                0x001e701f                USERNAME_ADDR
 .data.PASSWD_ADDR
                0x001e7026        0x7 build\gcc\obj/custom/APP.o
                0x001e7026                PASSWD_ADDR
 *fill*         0x001e702d        0x3 
 .data.ADC_Samp_times
                0x001e7030        0x4 build\gcc\obj/custom/APP.o
 .data.CLIENT_ADDR
                0x001e7034        0x7 build\gcc\obj/custom/APP.o
                0x001e7034                CLIENT_ADDR
 .data.TOPIC_ADDR
                0x001e703b        0x7 build\gcc\obj/custom/APP.o
                0x001e703b                TOPIC_ADDR
 .data.api_notsup
                0x001e7042       0x18 libs/gcc/app_start.lib(ql_func.o)
                0x001e7042                api_notsup
 *fill*         0x001e705a        0x2 
 .data.g_ril_auxTaskId
                0x001e705c        0x4 libs/gcc/app_start.lib(ril_aux.o)
                0x001e705c                g_ril_auxTaskId
 .data.m_atTimer
                0x001e7060        0xc libs/gcc/app_start.lib(ril_main.o)
 .data.m_thisTaskId
                0x001e706c        0x4 libs/gcc/app_start.lib(ril_main.o)
 .data.__ctype_ptr__
                0x001e7070        0x4 tools\gcc\win\gcc-arm-none-eabi/arm-none-eabi/lib/armv7e-m/fpu/libc.a(lib_a-ctype_.o)
                0x001e7070                __ctype_ptr__
 *fill*         0x001e7074        0x4 
 .data.impure_data
                0x001e7078      0x428 tools\gcc\win\gcc-arm-none-eabi/arm-none-eabi/lib/armv7e-m/fpu/libc.a(lib_a-impure.o)
 .data._impure_ptr
                0x001e74a0        0x4 tools\gcc\win\gcc-arm-none-eabi/arm-none-eabi/lib/armv7e-m/fpu/libc.a(lib_a-impure.o)
                0x001e74a0                _impure_ptr
 *(.data)
                0x001e74a4                _edata = .

.igot.plt       0x001e74a4        0x0 load address 0x0829787c
 .igot.plt      0x00000000        0x0 build\gcc\obj/custom/config/custom_sys_cfg.o

.bss            0x001e74a4     0x2410 load address 0x0829787c
                0x001e74a4                __bss_start__ = .
                0x001e74a4                . = ALIGN (0x4)
 *(.bss)
 *(.bss.*)
 .bss.m_iErrCode
                0x001e74a4        0x4 build\gcc\obj/ril/src/ril_atResponse.o
 .bss.g_ONENET_PUSH_RECV_MODE
                0x001e74a8        0x1 build\gcc\obj/ril/src/ril_onenet.o
                0x001e74a8                g_ONENET_PUSH_RECV_MODE
 .bss.recv_data_format
                0x001e74a9        0x1 build\gcc\obj/ril/src/ril_socket.o
                0x001e74a9                recv_data_format
 *fill*         0x001e74aa        0x2 
 .bss.onenet_urc_param
                0x001e74ac      0x4ec build\gcc\obj/ril/src/ril_urc.o
                0x001e74ac                onenet_urc_param
 .bss.DBG_Buffer
                0x001e7998      0x400 build\gcc\obj/ril/src/ril_urc.o
 .bss.MQTT_data
                0x001e7d98       0x10 build\gcc\obj/ril/src/ril_urc.o
                0x001e7d98                MQTT_data
 .bss.lwm2m_urc_param
                0x001e7da8      0x4c8 build\gcc\obj/ril/src/ril_urc.o
                0x001e7da8                lwm2m_urc_param
 .bss.socket_recv_param
                0x001e8270      0x4bc build\gcc\obj/ril/src/ril_urc.o
                0x001e8270                socket_recv_param
 .bss.DBG_BUFFER
                0x001e872c      0x200 build\gcc\obj/custom/APP.o
 .bss.SIG_IN1.4543
                0x001e892c        0x4 build\gcc\obj/custom/APP.o
 .bss.m_TxBuf_IIC
                0x001e8930       0x64 build\gcc\obj/custom/APP.o
 .bss.m_RxBuf_Uart
                0x001e8994      0x800 build\gcc\obj/custom/APP.o
 .bss.payload.4667
                0x001e9194        0x4 build\gcc\obj/custom/APP.o
 .bss.TimeTicks.4666
                0x001e9198        0x4 build\gcc\obj/custom/APP.o
 .bss.m_RxBuf_IIC
                0x001e919c       0x64 build\gcc\obj/custom/APP.o
 .bss.m_mqtt_state
                0x001e9200        0x1 build\gcc\obj/custom/APP.o
 *fill*         0x001e9201        0x3 
 .bss.MQTT_para
                0x001e9204       0x2c build\gcc\obj/custom/APP.o
                0x001e9204                MQTT_para
 .bss.SIG_IN2.4544
                0x001e9230        0x4 build\gcc\obj/custom/APP.o
 .bss.m_ADC_Sampling
                0x001e9234        0x4 libs/gcc/app_start.lib(adc.o)
                0x001e9234                m_ADC_Sampling
 .bss.m_ADC_Init
                0x001e9238        0x4 libs/gcc/app_start.lib(adc.o)
                0x001e9238                m_ADC_Init
 .bss.m_ADC_Register
                0x001e923c        0x4 libs/gcc/app_start.lib(adc.o)
                0x001e923c                m_ADC_Register
 .bss.m_EINT_Mask
                0x001e9240        0x4 libs/gcc/app_start.lib(eint.o)
                0x001e9240                m_EINT_Mask
 .bss.m_EINT_Init
                0x001e9244        0x4 libs/gcc/app_start.lib(eint.o)
                0x001e9244                m_EINT_Init
 .bss.m_EINT_Unmask
                0x001e9248        0x4 libs/gcc/app_start.lib(eint.o)
                0x001e9248                m_EINT_Unmask
 .bss.m_EINT_Register
                0x001e924c        0x4 libs/gcc/app_start.lib(eint.o)
                0x001e924c                m_EINT_Register
 .bss.m_GPIO_Init
                0x001e9250        0x4 libs/gcc/app_start.lib(gpio.o)
                0x001e9250                m_GPIO_Init
 .bss.m_GPIO_SetLevel
                0x001e9254        0x4 libs/gcc/app_start.lib(gpio.o)
                0x001e9254                m_GPIO_SetLevel
 .bss.m_IIC_Init
                0x001e9258        0x4 libs/gcc/app_start.lib(iic.o)
                0x001e9258                m_IIC_Init
 .bss.m_IIC_Write_Read
                0x001e925c        0x4 libs/gcc/app_start.lib(iic.o)
                0x001e925c                m_IIC_Write_Read
 .bss.m_IIC_Write
                0x001e9260        0x4 libs/gcc/app_start.lib(iic.o)
                0x001e9260                m_IIC_Write
 .bss.m_IIC_Config
                0x001e9264        0x4 libs/gcc/app_start.lib(iic.o)
                0x001e9264                m_IIC_Config
 .bss.m_MEM_Alloc
                0x001e9268        0x4 libs/gcc/app_start.lib(memory.o)
 .bss.m_MEM_Free
                0x001e926c        0x4 libs/gcc/app_start.lib(memory.o)
 .bss.m_SleepDisable
                0x001e9270        0x4 libs/gcc/app_start.lib(power.o)
 .bss.m_create_api_hash
                0x001e9274        0x4 libs/gcc/app_start.lib(ql_func.o)
                0x001e9274                m_create_api_hash
 .bss.m_get_api_ptr
                0x001e9278        0x4 libs/gcc/app_start.lib(ql_func.o)
                0x001e9278                m_get_api_ptr
 .bss.Ql_sscanf
                0x001e927c        0x4 libs/gcc/app_start.lib(ql_main.o)
                0x001e927c                Ql_sscanf
 .bss.runinfo   0x001e9280        0x8 libs/gcc/app_start.lib(ql_main.o)
                0x001e9280                runinfo
 .bss.Ql_Debug_Trace
                0x001e9288        0x4 libs/gcc/app_start.lib(ql_main.o)
                0x001e9288                Ql_Debug_Trace
 .bss.Ql_sprintf
                0x001e928c        0x4 libs/gcc/app_start.lib(ql_main.o)
                0x001e928c                Ql_sprintf
 .bss.Ql_snprintf
                0x001e9290        0x4 libs/gcc/app_start.lib(ql_main.o)
                0x001e9290                Ql_snprintf
 .bss.init_size
                0x001e9294        0x4 libs/gcc/app_start.lib(ql_main.o)
 .bss.g_ril_auxTaskReady
                0x001e9298        0x1 libs/gcc/app_start.lib(ril_aux.o)
                0x001e9298                g_ril_auxTaskReady
 *fill*         0x001e9299        0x3 
 .bss.m_pATRspLineBuf
                0x001e929c        0x4 libs/gcc/app_start.lib(ril_main.o)
 .bss.m_strATCmd
                0x001e92a0      0x578 libs/gcc/app_start.lib(ril_main.o)
 .bss.m_IsATHandling
                0x001e9818        0x1 libs/gcc/app_start.lib(ril_main.o)
 *fill*         0x001e9819        0x3 
 .bss.m_data    0x001e981c        0x8 libs/gcc/app_start.lib(ril_main.o)
 .bss.m_isRILInited
                0x001e9824        0x1 libs/gcc/app_start.lib(ril_main.o)
 *fill*         0x001e9825        0x3 
 .bss.m_nATRspBufLen
                0x001e9828        0x4 libs/gcc/app_start.lib(ril_main.o)
 .bss.m_nAtMutexId
                0x001e982c        0x4 libs/gcc/app_start.lib(ril_main.o)
 .bss.m_userdata
                0x001e9830        0x4 libs/gcc/app_start.lib(ril_main.o)
 .bss.g_nEventGrpId
                0x001e9834        0x4 libs/gcc/app_start.lib(ril_main.o)
 .bss.m_pATRspBuffer
                0x001e9838        0x4 libs/gcc/app_start.lib(ril_main.o)
 .bss.m_nATErrCode
                0x001e983c        0x4 libs/gcc/app_start.lib(ril_main.o)
 .bss.m_atRsp_callback
                0x001e9840        0x4 libs/gcc/app_start.lib(ril_main.o)
 .bss.m_nATRsp_Result
                0x001e9844        0x4 libs/gcc/app_start.lib(ril_main.o)
 .bss.m_strncmp
                0x001e9848        0x4 libs/gcc/app_start.lib(stdlib_func.o)
 .bss.m_strncpy
                0x001e984c        0x4 libs/gcc/app_start.lib(stdlib_func.o)
 .bss.m_memset  0x001e9850        0x4 libs/gcc/app_start.lib(stdlib_func.o)
 .bss.m_memcpy  0x001e9854        0x4 libs/gcc/app_start.lib(stdlib_func.o)
 .bss.m_memcmp  0x001e9858        0x4 libs/gcc/app_start.lib(stdlib_func.o)
 .bss.m_strlen  0x001e985c        0x4 libs/gcc/app_start.lib(stdlib_func.o)
 .bss.m_strstr  0x001e9860        0x4 libs/gcc/app_start.lib(stdlib_func.o)
 .bss.m_strchr  0x001e9864        0x4 libs/gcc/app_start.lib(stdlib_func.o)
 .bss.m_Sleep   0x001e9868        0x4 libs/gcc/app_start.lib(system.o)
 .bss.m_Reset   0x001e986c        0x4 libs/gcc/app_start.lib(system.o)
 .bss.m_GetvFunc_Init_Status
                0x001e9870        0x4 libs/gcc/app_start.lib(system.o)
 .bss.m_RIL_request_custom_command
                0x001e9874        0x4 libs/gcc/app_start.lib(taskMngt.o)
 .bss.m_OS_CreateEvent
                0x001e9878        0x4 libs/gcc/app_start.lib(taskMngt.o)
 .bss.m_OS_CreateMutex
                0x001e987c        0x4 libs/gcc/app_start.lib(taskMngt.o)
 .bss.m_OS_SetEvent
                0x001e9880        0x4 libs/gcc/app_start.lib(taskMngt.o)
 .bss.m_OS_WaitEvent
                0x001e9884        0x4 libs/gcc/app_start.lib(taskMngt.o)
 .bss.m_OS_TakeMutex
                0x001e9888        0x4 libs/gcc/app_start.lib(taskMngt.o)
 .bss.m_OS_GiveMutex
                0x001e988c        0x4 libs/gcc/app_start.lib(taskMngt.o)
 .bss.m_OS_SendMessage
                0x001e9890        0x4 libs/gcc/app_start.lib(taskMngt.o)
 .bss.m_OS_GetMessage
                0x001e9894        0x4 libs/gcc/app_start.lib(taskMngt.o)
 .bss.m_Timer_Register
                0x001e9898        0x4 libs/gcc/app_start.lib(timer.o)
 .bss.m_Timer_Stop
                0x001e989c        0x4 libs/gcc/app_start.lib(timer.o)
 .bss.m_Timer_Start
                0x001e98a0        0x4 libs/gcc/app_start.lib(timer.o)
 .bss.m_Ql_UART_Open
                0x001e98a4        0x4 libs/gcc/app_start.lib(uart.o)
 .bss.m_Ql_UART_Read
                0x001e98a8        0x4 libs/gcc/app_start.lib(uart.o)
 .bss.m_Ql_UART_Register
                0x001e98ac        0x4 libs/gcc/app_start.lib(uart.o)
 .bss.m_Ql_UART_Write
                0x001e98b0        0x4 libs/gcc/app_start.lib(uart.o)
                0x001e98b4                __bss_end__ = .
LOAD build\gcc\obj/custom/config/custom_sys_cfg.o
LOAD build\gcc\obj/custom/config/sys_config.o
LOAD build\gcc\obj/ril/src/ril_atResponse.o
LOAD build\gcc\obj/ril/src/ril_dfota.o
LOAD build\gcc\obj/ril/src/ril_init.o
LOAD build\gcc\obj/ril/src/ril_lwm2m.o
LOAD build\gcc\obj/ril/src/ril_network.o
LOAD build\gcc\obj/ril/src/ril_onenet.o
LOAD build\gcc\obj/ril/src/ril_socket.o
LOAD build\gcc\obj/ril/src/ril_system.o
LOAD build\gcc\obj/ril/src/ril_urc.o
LOAD build\gcc\obj/ril/src/ril_util.o
LOAD build\gcc\obj/custom/APP.o
LOAD build\gcc\obj/custom/cJSON.o
LOAD libs/gcc/app_start.lib
LOAD tools\gcc\win\gcc-arm-none-eabi/arm-none-eabi/lib/armv7e-m/fpu/libm.a
LOAD tools\gcc\win\gcc-arm-none-eabi/arm-none-eabi/lib/armv7e-m/fpu/libc.a
LOAD tools\gcc\win\gcc-arm-none-eabi/lib/gcc/arm-none-eabi/4.8.3/armv7e-m/fpu/libgcc.a
OUTPUT(build\gcc/APPGS3MDM32A01.elf elf32-littlearm)

.debug_info     0x00000000    0x15a7b
 .debug_info    0x00000000      0x382 build\gcc\obj/custom/config/custom_sys_cfg.o
 .debug_info    0x00000382      0x28e build\gcc\obj/custom/config/sys_config.o
 .debug_info    0x00000610      0x300 build\gcc\obj/ril/src/ril_atResponse.o
 .debug_info    0x00000910      0x493 build\gcc\obj/ril/src/ril_dfota.o
 .debug_info    0x00000da3       0xfc build\gcc\obj/ril/src/ril_init.o
 .debug_info    0x00000e9f     0x143c build\gcc\obj/ril/src/ril_lwm2m.o
 .debug_info    0x000022db      0x516 build\gcc\obj/ril/src/ril_network.o
 .debug_info    0x000027f1     0x1890 build\gcc\obj/ril/src/ril_onenet.o
 .debug_info    0x00004081     0x1970 build\gcc\obj/ril/src/ril_socket.o
 .debug_info    0x000059f1     0x14c0 build\gcc\obj/ril/src/ril_system.o
 .debug_info    0x00006eb1     0x2882 build\gcc\obj/ril/src/ril_urc.o
 .debug_info    0x00009733      0x5a6 build\gcc\obj/ril/src/ril_util.o
 .debug_info    0x00009cd9     0x3106 build\gcc\obj/custom/APP.o
 .debug_info    0x0000cddf      0x6c8 libs/gcc/app_start.lib(adc.o)
 .debug_info    0x0000d4a7      0x9de libs/gcc/app_start.lib(eint.o)
 .debug_info    0x0000de85      0x99a libs/gcc/app_start.lib(gpio.o)
 .debug_info    0x0000e81f      0x9f9 libs/gcc/app_start.lib(iic.o)
 .debug_info    0x0000f218      0x24e libs/gcc/app_start.lib(memory.o)
 .debug_info    0x0000f466      0x567 libs/gcc/app_start.lib(power.o)
 .debug_info    0x0000f9cd      0x9b2 libs/gcc/app_start.lib(ql_func.o)
 .debug_info    0x0001037f      0x6f8 libs/gcc/app_start.lib(ql_main.o)
 .debug_info    0x00010a77      0x19b libs/gcc/app_start.lib(ril_aux.o)
 .debug_info    0x00010c12     0x123e libs/gcc/app_start.lib(ril_main.o)
 .debug_info    0x00011e50     0x12eb libs/gcc/app_start.lib(stdlib_func.o)
 .debug_info    0x0001313b      0x6c8 libs/gcc/app_start.lib(system.o)
 .debug_info    0x00013803     0x10b4 libs/gcc/app_start.lib(taskMngt.o)
 .debug_info    0x000148b7      0x739 libs/gcc/app_start.lib(timer.o)
 .debug_info    0x00014ff0      0xa1c libs/gcc/app_start.lib(uart.o)
 .debug_info    0x00015a0c       0x6f libs/gcc/app_start.lib(ocpu_init.o)

.debug_abbrev   0x00000000     0x30c7
 .debug_abbrev  0x00000000       0xe8 build\gcc\obj/custom/config/custom_sys_cfg.o
 .debug_abbrev  0x000000e8       0xc2 build\gcc\obj/custom/config/sys_config.o
 .debug_abbrev  0x000001aa      0x178 build\gcc\obj/ril/src/ril_atResponse.o
 .debug_abbrev  0x00000322      0x18e build\gcc\obj/ril/src/ril_dfota.o
 .debug_abbrev  0x000004b0       0x86 build\gcc\obj/ril/src/ril_init.o
 .debug_abbrev  0x00000536      0x296 build\gcc\obj/ril/src/ril_lwm2m.o
 .debug_abbrev  0x000007cc      0x1dc build\gcc\obj/ril/src/ril_network.o
 .debug_abbrev  0x000009a8      0x2fa build\gcc\obj/ril/src/ril_onenet.o
 .debug_abbrev  0x00000ca2      0x272 build\gcc\obj/ril/src/ril_socket.o
 .debug_abbrev  0x00000f14      0x28a build\gcc\obj/ril/src/ril_system.o
 .debug_abbrev  0x0000119e      0x33c build\gcc\obj/ril/src/ril_urc.o
 .debug_abbrev  0x000014da      0x13e build\gcc\obj/ril/src/ril_util.o
 .debug_abbrev  0x00001618      0x368 build\gcc\obj/custom/APP.o
 .debug_abbrev  0x00001980      0x10e libs/gcc/app_start.lib(adc.o)
 .debug_abbrev  0x00001a8e      0x13f libs/gcc/app_start.lib(eint.o)
 .debug_abbrev  0x00001bcd      0x119 libs/gcc/app_start.lib(gpio.o)
 .debug_abbrev  0x00001ce6      0x119 libs/gcc/app_start.lib(iic.o)
 .debug_abbrev  0x00001dff      0x13f libs/gcc/app_start.lib(memory.o)
 .debug_abbrev  0x00001f3e      0x101 libs/gcc/app_start.lib(power.o)
 .debug_abbrev  0x0000203f      0x176 libs/gcc/app_start.lib(ql_func.o)
 .debug_abbrev  0x000021b5      0x1c5 libs/gcc/app_start.lib(ql_main.o)
 .debug_abbrev  0x0000237a      0x10b libs/gcc/app_start.lib(ril_aux.o)
 .debug_abbrev  0x00002485      0x3ec libs/gcc/app_start.lib(ril_main.o)
 .debug_abbrev  0x00002871      0x248 libs/gcc/app_start.lib(stdlib_func.o)
 .debug_abbrev  0x00002ab9      0x190 libs/gcc/app_start.lib(system.o)
 .debug_abbrev  0x00002c49      0x202 libs/gcc/app_start.lib(taskMngt.o)
 .debug_abbrev  0x00002e4b      0x10c libs/gcc/app_start.lib(timer.o)
 .debug_abbrev  0x00002f57      0x15c libs/gcc/app_start.lib(uart.o)
 .debug_abbrev  0x000030b3       0x14 libs/gcc/app_start.lib(ocpu_init.o)

.debug_aranges  0x00000000      0x960
 .debug_aranges
                0x00000000       0x20 build\gcc\obj/custom/config/custom_sys_cfg.o
 .debug_aranges
                0x00000020       0x18 build\gcc\obj/custom/config/sys_config.o
 .debug_aranges
                0x00000038       0x30 build\gcc\obj/ril/src/ril_atResponse.o
 .debug_aranges
                0x00000068       0x30 build\gcc\obj/ril/src/ril_dfota.o
 .debug_aranges
                0x00000098       0x28 build\gcc\obj/ril/src/ril_init.o
 .debug_aranges
                0x000000c0       0xa0 build\gcc\obj/ril/src/ril_lwm2m.o
 .debug_aranges
                0x00000160       0x30 build\gcc\obj/ril/src/ril_network.o
 .debug_aranges
                0x00000190       0xa8 build\gcc\obj/ril/src/ril_onenet.o
 .debug_aranges
                0x00000238       0x78 build\gcc\obj/ril/src/ril_socket.o
 .debug_aranges
                0x000002b0       0x78 build\gcc\obj/ril/src/ril_system.o
 .debug_aranges
                0x00000328       0xb8 build\gcc\obj/ril/src/ril_urc.o
 .debug_aranges
                0x000003e0       0x48 build\gcc\obj/ril/src/ril_util.o
 .debug_aranges
                0x00000428       0x88 build\gcc\obj/custom/APP.o
 .debug_aranges
                0x000004b0       0x30 libs/gcc/app_start.lib(adc.o)
 .debug_aranges
                0x000004e0       0x50 libs/gcc/app_start.lib(eint.o)
 .debug_aranges
                0x00000530       0x50 libs/gcc/app_start.lib(gpio.o)
 .debug_aranges
                0x00000580       0x48 libs/gcc/app_start.lib(iic.o)
 .debug_aranges
                0x000005c8       0x28 libs/gcc/app_start.lib(memory.o)
 .debug_aranges
                0x000005f0       0x30 libs/gcc/app_start.lib(power.o)
 .debug_aranges
                0x00000620       0x50 libs/gcc/app_start.lib(ql_func.o)
 .debug_aranges
                0x00000670       0x28 libs/gcc/app_start.lib(ql_main.o)
 .debug_aranges
                0x00000698       0x20 libs/gcc/app_start.lib(ril_aux.o)
 .debug_aranges
                0x000006b8       0x58 libs/gcc/app_start.lib(ril_main.o)
 .debug_aranges
                0x00000710       0xc0 libs/gcc/app_start.lib(stdlib_func.o)
 .debug_aranges
                0x000007d0       0x38 libs/gcc/app_start.lib(system.o)
 .debug_aranges
                0x00000808       0xb8 libs/gcc/app_start.lib(taskMngt.o)
 .debug_aranges
                0x000008c0       0x38 libs/gcc/app_start.lib(timer.o)
 .debug_aranges
                0x000008f8       0x48 libs/gcc/app_start.lib(uart.o)
 .debug_aranges
                0x00000940       0x20 libs/gcc/app_start.lib(ocpu_init.o)

.debug_ranges   0x00000000      0xde0
 .debug_ranges  0x00000000       0x10 build\gcc\obj/custom/config/custom_sys_cfg.o
 .debug_ranges  0x00000010       0x20 build\gcc\obj/ril/src/ril_atResponse.o
 .debug_ranges  0x00000030       0x20 build\gcc\obj/ril/src/ril_dfota.o
 .debug_ranges  0x00000050       0x18 build\gcc\obj/ril/src/ril_init.o
 .debug_ranges  0x00000068       0x90 build\gcc\obj/ril/src/ril_lwm2m.o
 .debug_ranges  0x000000f8       0x20 build\gcc\obj/ril/src/ril_network.o
 .debug_ranges  0x00000118       0xb0 build\gcc\obj/ril/src/ril_onenet.o
 .debug_ranges  0x000001c8       0x80 build\gcc\obj/ril/src/ril_socket.o
 .debug_ranges  0x00000248      0x180 build\gcc\obj/ril/src/ril_system.o
 .debug_ranges  0x000003c8       0xa8 build\gcc\obj/ril/src/ril_urc.o
 .debug_ranges  0x00000470       0x38 build\gcc\obj/ril/src/ril_util.o
 .debug_ranges  0x000004a8       0xc8 build\gcc\obj/custom/APP.o
 .debug_ranges  0x00000570       0x68 libs/gcc/app_start.lib(adc.o)
 .debug_ranges  0x000005d8       0xb8 libs/gcc/app_start.lib(eint.o)
 .debug_ranges  0x00000690       0xe8 libs/gcc/app_start.lib(gpio.o)
 .debug_ranges  0x00000778       0xc8 libs/gcc/app_start.lib(iic.o)
 .debug_ranges  0x00000840       0x18 libs/gcc/app_start.lib(memory.o)
 .debug_ranges  0x00000858       0x68 libs/gcc/app_start.lib(power.o)
 .debug_ranges  0x000008c0       0x70 libs/gcc/app_start.lib(ql_func.o)
 .debug_ranges  0x00000930       0x18 libs/gcc/app_start.lib(ql_main.o)
 .debug_ranges  0x00000948       0x10 libs/gcc/app_start.lib(ril_aux.o)
 .debug_ranges  0x00000958       0xb0 libs/gcc/app_start.lib(ril_main.o)
 .debug_ranges  0x00000a08      0x110 libs/gcc/app_start.lib(stdlib_func.o)
 .debug_ranges  0x00000b18       0x28 libs/gcc/app_start.lib(system.o)
 .debug_ranges  0x00000b40      0x168 libs/gcc/app_start.lib(taskMngt.o)
 .debug_ranges  0x00000ca8       0x88 libs/gcc/app_start.lib(timer.o)
 .debug_ranges  0x00000d30       0xb0 libs/gcc/app_start.lib(uart.o)

.debug_line     0x00000000     0x2d1f
 .debug_line    0x00000000       0x8f build\gcc\obj/custom/config/custom_sys_cfg.o
 .debug_line    0x0000008f       0x7b build\gcc\obj/custom/config/sys_config.o
 .debug_line    0x0000010a       0xc2 build\gcc\obj/ril/src/ril_atResponse.o
 .debug_line    0x000001cc       0xca build\gcc\obj/ril/src/ril_dfota.o
 .debug_line    0x00000296       0x69 build\gcc\obj/ril/src/ril_init.o
 .debug_line    0x000002ff      0x276 build\gcc\obj/ril/src/ril_lwm2m.o
 .debug_line    0x00000575       0xe7 build\gcc\obj/ril/src/ril_network.o
 .debug_line    0x0000065c      0x28c build\gcc\obj/ril/src/ril_onenet.o
 .debug_line    0x000008e8      0x28e build\gcc\obj/ril/src/ril_socket.o
 .debug_line    0x00000b76      0x410 build\gcc\obj/ril/src/ril_system.o
 .debug_line    0x00000f86      0x497 build\gcc\obj/ril/src/ril_urc.o
 .debug_line    0x0000141d      0x187 build\gcc\obj/ril/src/ril_util.o
 .debug_line    0x000015a4      0x3aa build\gcc\obj/custom/APP.o
 .debug_line    0x0000194e       0xd3 libs/gcc/app_start.lib(adc.o)
 .debug_line    0x00001a21      0x145 libs/gcc/app_start.lib(eint.o)
 .debug_line    0x00001b66      0x13c libs/gcc/app_start.lib(gpio.o)
 .debug_line    0x00001ca2      0x12a libs/gcc/app_start.lib(iic.o)
 .debug_line    0x00001dcc       0xb1 libs/gcc/app_start.lib(memory.o)
 .debug_line    0x00001e7d       0xc9 libs/gcc/app_start.lib(power.o)
 .debug_line    0x00001f46      0x12a libs/gcc/app_start.lib(ql_func.o)
 .debug_line    0x00002070       0xf9 libs/gcc/app_start.lib(ql_main.o)
 .debug_line    0x00002169       0x75 libs/gcc/app_start.lib(ril_aux.o)
 .debug_line    0x000021de      0x2a9 libs/gcc/app_start.lib(ril_main.o)
 .debug_line    0x00002487      0x2cb libs/gcc/app_start.lib(stdlib_func.o)
 .debug_line    0x00002752       0xf2 libs/gcc/app_start.lib(system.o)
 .debug_line    0x00002844      0x27e libs/gcc/app_start.lib(taskMngt.o)
 .debug_line    0x00002ac2       0xef libs/gcc/app_start.lib(timer.o)
 .debug_line    0x00002bb1      0x11d libs/gcc/app_start.lib(uart.o)
 .debug_line    0x00002cce       0x51 libs/gcc/app_start.lib(ocpu_init.o)

.debug_str      0x00000000     0x502a
 .debug_str     0x00000000      0x563 build\gcc\obj/custom/config/custom_sys_cfg.o
                                0x591 (size before relaxing)
 .debug_str     0x00000563      0x15e build\gcc\obj/custom/config/sys_config.o
                                0x48c (size before relaxing)
 .debug_str     0x000006c1       0xcb build\gcc\obj/ril/src/ril_atResponse.o
                                0x2cb (size before relaxing)
 .debug_str     0x0000078c      0x1b9 build\gcc\obj/ril/src/ril_dfota.o
                                0x3b1 (size before relaxing)
 .debug_str     0x00000945       0x53 build\gcc\obj/ril/src/ril_init.o
                                0x238 (size before relaxing)
 .debug_str     0x00000998      0x36c build\gcc\obj/ril/src/ril_lwm2m.o
                                0x640 (size before relaxing)
 .debug_str     0x00000d04      0x13b build\gcc\obj/ril/src/ril_network.o
                                0x3e7 (size before relaxing)
 .debug_str     0x00000e3f      0x6a0 build\gcc\obj/ril/src/ril_onenet.o
                                0x9fb (size before relaxing)
 .debug_str     0x000014df      0x37d build\gcc\obj/ril/src/ril_socket.o
                                0x6d3 (size before relaxing)
 .debug_str     0x0000185c      0x1fb build\gcc\obj/ril/src/ril_system.o
                                0x56e (size before relaxing)
 .debug_str     0x00001a57      0x6f2 build\gcc\obj/ril/src/ril_urc.o
                                0xcaa (size before relaxing)
 .debug_str     0x00002149       0xae build\gcc\obj/ril/src/ril_util.o
                                0x2b2 (size before relaxing)
 .debug_str     0x000021f7     0x1376 build\gcc\obj/custom/APP.o
                               0x1a55 (size before relaxing)
 .debug_str     0x0000356d      0x128 libs/gcc/app_start.lib(adc.o)
                               0x10fe (size before relaxing)
 .debug_str     0x00003695      0x1ce libs/gcc/app_start.lib(eint.o)
                               0x13a2 (size before relaxing)
 .debug_str     0x00003863      0x1bb libs/gcc/app_start.lib(gpio.o)
                               0x138d (size before relaxing)
 .debug_str     0x00003a1e      0x162 libs/gcc/app_start.lib(iic.o)
                               0x1294 (size before relaxing)
 .debug_str     0x00003b80       0x71 libs/gcc/app_start.lib(memory.o)
                                0x293 (size before relaxing)
 .debug_str     0x00003bf1       0xb6 libs/gcc/app_start.lib(power.o)
                               0x10ac (size before relaxing)
 .debug_str     0x00003ca7      0x2d6 libs/gcc/app_start.lib(ql_func.o)
                               0x12e9 (size before relaxing)
 .debug_str     0x00003f7d      0x1e6 libs/gcc/app_start.lib(ql_main.o)
                                0x777 (size before relaxing)
 .debug_str     0x00004163       0x48 libs/gcc/app_start.lib(ril_aux.o)
                                0x297 (size before relaxing)
 .debug_str     0x000041ab      0x2ff libs/gcc/app_start.lib(ril_main.o)
                               0x14c4 (size before relaxing)
 .debug_str     0x000044aa      0x294 libs/gcc/app_start.lib(stdlib_func.o)
                               0x12d9 (size before relaxing)
 .debug_str     0x0000473e       0xdf libs/gcc/app_start.lib(system.o)
                               0x10ef (size before relaxing)
 .debug_str     0x0000481d      0x513 libs/gcc/app_start.lib(taskMngt.o)
                               0x15ce (size before relaxing)
 .debug_str     0x00004d30      0x117 libs/gcc/app_start.lib(timer.o)
                               0x1134 (size before relaxing)
 .debug_str     0x00004e47      0x1e3 libs/gcc/app_start.lib(uart.o)
                               0x1347 (size before relaxing)

.comment        0x00000000       0x70
 .comment       0x00000000       0x70 build\gcc\obj/custom/config/custom_sys_cfg.o
                                 0x71 (size before relaxing)
 .comment       0x00000000       0x71 build\gcc\obj/custom/config/sys_config.o
 .comment       0x00000000       0x71 build\gcc\obj/ril/src/ril_atResponse.o
 .comment       0x00000000       0x71 build\gcc\obj/ril/src/ril_dfota.o
 .comment       0x00000000       0x71 build\gcc\obj/ril/src/ril_init.o
 .comment       0x00000000       0x71 build\gcc\obj/ril/src/ril_lwm2m.o
 .comment       0x00000000       0x71 build\gcc\obj/ril/src/ril_network.o
 .comment       0x00000000       0x71 build\gcc\obj/ril/src/ril_onenet.o
 .comment       0x00000000       0x71 build\gcc\obj/ril/src/ril_socket.o
 .comment       0x00000000       0x71 build\gcc\obj/ril/src/ril_system.o
 .comment       0x00000000       0x71 build\gcc\obj/ril/src/ril_urc.o
 .comment       0x00000000       0x71 build\gcc\obj/ril/src/ril_util.o
 .comment       0x00000000       0x71 build\gcc\obj/custom/APP.o
 .comment       0x00000000       0x71 libs/gcc/app_start.lib(adc.o)
 .comment       0x00000000       0x71 libs/gcc/app_start.lib(eint.o)
 .comment       0x00000000       0x71 libs/gcc/app_start.lib(gpio.o)
 .comment       0x00000000       0x71 libs/gcc/app_start.lib(iic.o)
 .comment       0x00000000       0x71 libs/gcc/app_start.lib(memory.o)
 .comment       0x00000000       0x71 libs/gcc/app_start.lib(power.o)
 .comment       0x00000000       0x71 libs/gcc/app_start.lib(ql_func.o)
 .comment       0x00000000       0x71 libs/gcc/app_start.lib(ql_main.o)
 .comment       0x00000000       0x71 libs/gcc/app_start.lib(ril_aux.o)
 .comment       0x00000000       0x71 libs/gcc/app_start.lib(ril_main.o)
 .comment       0x00000000       0x71 libs/gcc/app_start.lib(stdlib_func.o)
 .comment       0x00000000       0x71 libs/gcc/app_start.lib(system.o)
 .comment       0x00000000       0x71 libs/gcc/app_start.lib(taskMngt.o)
 .comment       0x00000000       0x71 libs/gcc/app_start.lib(timer.o)
 .comment       0x00000000       0x71 libs/gcc/app_start.lib(uart.o)

.ARM.attributes
                0x00000000       0x37
 .ARM.attributes
                0x00000000       0x39 build\gcc\obj/custom/config/custom_sys_cfg.o
 .ARM.attributes
                0x00000039       0x39 build\gcc\obj/custom/config/sys_config.o
 .ARM.attributes
                0x00000072       0x39 build\gcc\obj/ril/src/ril_atResponse.o
 .ARM.attributes
                0x000000ab       0x39 build\gcc\obj/ril/src/ril_dfota.o
 .ARM.attributes
                0x000000e4       0x39 build\gcc\obj/ril/src/ril_init.o
 .ARM.attributes
                0x0000011d       0x39 build\gcc\obj/ril/src/ril_lwm2m.o
 .ARM.attributes
                0x00000156       0x39 build\gcc\obj/ril/src/ril_network.o
 .ARM.attributes
                0x0000018f       0x39 build\gcc\obj/ril/src/ril_onenet.o
 .ARM.attributes
                0x000001c8       0x39 build\gcc\obj/ril/src/ril_socket.o
 .ARM.attributes
                0x00000201       0x39 build\gcc\obj/ril/src/ril_system.o
 .ARM.attributes
                0x0000023a       0x39 build\gcc\obj/ril/src/ril_urc.o
 .ARM.attributes
                0x00000273       0x39 build\gcc\obj/ril/src/ril_util.o
 .ARM.attributes
                0x000002ac       0x39 build\gcc\obj/custom/APP.o
 .ARM.attributes
                0x000002e5       0x39 libs/gcc/app_start.lib(adc.o)
 .ARM.attributes
                0x0000031e       0x39 libs/gcc/app_start.lib(eint.o)
 .ARM.attributes
                0x00000357       0x39 libs/gcc/app_start.lib(gpio.o)
 .ARM.attributes
                0x00000390       0x39 libs/gcc/app_start.lib(iic.o)
 .ARM.attributes
                0x000003c9       0x39 libs/gcc/app_start.lib(memory.o)
 .ARM.attributes
                0x00000402       0x39 libs/gcc/app_start.lib(power.o)
 .ARM.attributes
                0x0000043b       0x39 libs/gcc/app_start.lib(ql_func.o)
 .ARM.attributes
                0x00000474       0x39 libs/gcc/app_start.lib(ql_main.o)
 .ARM.attributes
                0x000004ad       0x39 libs/gcc/app_start.lib(ril_aux.o)
 .ARM.attributes
                0x000004e6       0x39 libs/gcc/app_start.lib(ril_main.o)
 .ARM.attributes
                0x0000051f       0x39 libs/gcc/app_start.lib(stdlib_func.o)
 .ARM.attributes
                0x00000558       0x39 libs/gcc/app_start.lib(system.o)
 .ARM.attributes
                0x00000591       0x39 libs/gcc/app_start.lib(taskMngt.o)
 .ARM.attributes
                0x000005ca       0x39 libs/gcc/app_start.lib(timer.o)
 .ARM.attributes
                0x00000603       0x39 libs/gcc/app_start.lib(uart.o)
 .ARM.attributes
                0x0000063c       0x21 libs/gcc/app_start.lib(ocpu_init.o)
 .ARM.attributes
                0x0000065d       0x34 tools\gcc\win\gcc-arm-none-eabi/arm-none-eabi/lib/armv7e-m/fpu/libc.a(lib_a-atoi.o)
 .ARM.attributes
                0x00000691       0x20 tools\gcc\win\gcc-arm-none-eabi/arm-none-eabi/lib/armv7e-m/fpu/libc.a(lib_a-memcpy.o)
 .ARM.attributes
                0x000006b1       0x34 tools\gcc\win\gcc-arm-none-eabi/arm-none-eabi/lib/armv7e-m/fpu/libc.a(lib_a-memset.o)
 .ARM.attributes
                0x000006e5       0x34 tools\gcc\win\gcc-arm-none-eabi/arm-none-eabi/lib/armv7e-m/fpu/libc.a(lib_a-strchr.o)
 .ARM.attributes
                0x00000719       0x34 tools\gcc\win\gcc-arm-none-eabi/arm-none-eabi/lib/armv7e-m/fpu/libc.a(lib_a-strcpy.o)
 .ARM.attributes
                0x0000074d       0x34 tools\gcc\win\gcc-arm-none-eabi/arm-none-eabi/lib/armv7e-m/fpu/libc.a(lib_a-strlen.o)
 .ARM.attributes
                0x00000781       0x34 tools\gcc\win\gcc-arm-none-eabi/arm-none-eabi/lib/armv7e-m/fpu/libc.a(lib_a-strncpy.o)
 .ARM.attributes
                0x000007b5       0x34 tools\gcc\win\gcc-arm-none-eabi/arm-none-eabi/lib/armv7e-m/fpu/libc.a(lib_a-strsep.o)
 .ARM.attributes
                0x000007e9       0x34 tools\gcc\win\gcc-arm-none-eabi/arm-none-eabi/lib/armv7e-m/fpu/libc.a(lib_a-strtok.o)
 .ARM.attributes
                0x0000081d       0x34 tools\gcc\win\gcc-arm-none-eabi/arm-none-eabi/lib/armv7e-m/fpu/libc.a(lib_a-strtok_r.o)
 .ARM.attributes
                0x00000851       0x34 tools\gcc\win\gcc-arm-none-eabi/arm-none-eabi/lib/armv7e-m/fpu/libc.a(lib_a-strtol.o)
 .ARM.attributes
                0x00000885       0x34 tools\gcc\win\gcc-arm-none-eabi/arm-none-eabi/lib/armv7e-m/fpu/libc.a(lib_a-ctype_.o)
 .ARM.attributes
                0x000008b9       0x34 tools\gcc\win\gcc-arm-none-eabi/arm-none-eabi/lib/armv7e-m/fpu/libc.a(lib_a-impure.o)

.debug_frame    0x00000000     0x1d28
 .debug_frame   0x00000000       0x20 build\gcc\obj/custom/config/custom_sys_cfg.o
 .debug_frame   0x00000020       0x50 build\gcc\obj/ril/src/ril_atResponse.o
 .debug_frame   0x00000070       0x64 build\gcc\obj/ril/src/ril_dfota.o
 .debug_frame   0x000000d4       0x30 build\gcc\obj/ril/src/ril_init.o
 .debug_frame   0x00000104      0x21c build\gcc\obj/ril/src/ril_lwm2m.o
 .debug_frame   0x00000320       0x6c build\gcc\obj/ril/src/ril_network.o
 .debug_frame   0x0000038c      0x24c build\gcc\obj/ril/src/ril_onenet.o
 .debug_frame   0x000005d8      0x1d4 build\gcc\obj/ril/src/ril_socket.o
 .debug_frame   0x000007ac      0x1d0 build\gcc\obj/ril/src/ril_system.o
 .debug_frame   0x0000097c      0x2b8 build\gcc\obj/ril/src/ril_urc.o
 .debug_frame   0x00000c34       0xcc build\gcc\obj/ril/src/ril_util.o
 .debug_frame   0x00000d00      0x208 build\gcc\obj/custom/APP.o
 .debug_frame   0x00000f08       0x6c libs/gcc/app_start.lib(adc.o)
 .debug_frame   0x00000f74       0xe4 libs/gcc/app_start.lib(eint.o)
 .debug_frame   0x00001058       0xd8 libs/gcc/app_start.lib(gpio.o)
 .debug_frame   0x00001130       0xd4 libs/gcc/app_start.lib(iic.o)
 .debug_frame   0x00001204       0x48 libs/gcc/app_start.lib(memory.o)
 .debug_frame   0x0000124c       0x58 libs/gcc/app_start.lib(power.o)
 .debug_frame   0x000012a4       0xd8 libs/gcc/app_start.lib(ql_func.o)
 .debug_frame   0x0000137c       0x48 libs/gcc/app_start.lib(ql_main.o)
 .debug_frame   0x000013c4       0x30 libs/gcc/app_start.lib(ril_aux.o)
 .debug_frame   0x000013f4       0xf8 libs/gcc/app_start.lib(ril_main.o)
 .debug_frame   0x000014ec      0x26c libs/gcc/app_start.lib(stdlib_func.o)
 .debug_frame   0x00001758       0x7c libs/gcc/app_start.lib(system.o)
 .debug_frame   0x000017d4      0x240 libs/gcc/app_start.lib(taskMngt.o)
 .debug_frame   0x00001a14       0x8c libs/gcc/app_start.lib(timer.o)
 .debug_frame   0x00001aa0       0xc8 libs/gcc/app_start.lib(uart.o)
 .debug_frame   0x00001b68       0x30 tools\gcc\win\gcc-arm-none-eabi/arm-none-eabi/lib/armv7e-m/fpu/libc.a(lib_a-atoi.o)
 .debug_frame   0x00001b98       0x2c tools\gcc\win\gcc-arm-none-eabi/arm-none-eabi/lib/armv7e-m/fpu/libc.a(lib_a-memset.o)
 .debug_frame   0x00001bc4       0x2c tools\gcc\win\gcc-arm-none-eabi/arm-none-eabi/lib/armv7e-m/fpu/libc.a(lib_a-strchr.o)
 .debug_frame   0x00001bf0       0x20 tools\gcc\win\gcc-arm-none-eabi/arm-none-eabi/lib/armv7e-m/fpu/libc.a(lib_a-strcpy.o)
 .debug_frame   0x00001c10       0x20 tools\gcc\win\gcc-arm-none-eabi/arm-none-eabi/lib/armv7e-m/fpu/libc.a(lib_a-strlen.o)
 .debug_frame   0x00001c30       0x2c tools\gcc\win\gcc-arm-none-eabi/arm-none-eabi/lib/armv7e-m/fpu/libc.a(lib_a-strncpy.o)
 .debug_frame   0x00001c5c       0x20 tools\gcc\win\gcc-arm-none-eabi/arm-none-eabi/lib/armv7e-m/fpu/libc.a(lib_a-strsep.o)
 .debug_frame   0x00001c7c       0x20 tools\gcc\win\gcc-arm-none-eabi/arm-none-eabi/lib/armv7e-m/fpu/libc.a(lib_a-strtok.o)
 .debug_frame   0x00001c9c       0x3c tools\gcc\win\gcc-arm-none-eabi/arm-none-eabi/lib/armv7e-m/fpu/libc.a(lib_a-strtok_r.o)
 .debug_frame   0x00001cd8       0x50 tools\gcc\win\gcc-arm-none-eabi/arm-none-eabi/lib/armv7e-m/fpu/libc.a(lib_a-strtol.o)

.debug_loc      0x00000000     0xa5a8
 .debug_loc     0x00000000      0x134 build\gcc\obj/ril/src/ril_atResponse.o
 .debug_loc     0x00000134      0x129 build\gcc\obj/ril/src/ril_dfota.o
 .debug_loc     0x0000025d      0xcfe build\gcc\obj/ril/src/ril_lwm2m.o
 .debug_loc     0x00000f5b      0x270 build\gcc\obj/ril/src/ril_network.o
 .debug_loc     0x000011cb      0xe98 build\gcc\obj/ril/src/ril_onenet.o
 .debug_loc     0x00002063      0xcbf build\gcc\obj/ril/src/ril_socket.o
 .debug_loc     0x00002d22     0x13ec build\gcc\obj/ril/src/ril_system.o
 .debug_loc     0x0000410e     0x1248 build\gcc\obj/ril/src/ril_urc.o
 .debug_loc     0x00005356      0x6fc build\gcc\obj/ril/src/ril_util.o
 .debug_loc     0x00005a52      0xfc6 build\gcc\obj/custom/APP.o
 .debug_loc     0x00006a18      0x1ee libs/gcc/app_start.lib(adc.o)
 .debug_loc     0x00006c06      0x3cc libs/gcc/app_start.lib(eint.o)
 .debug_loc     0x00006fd2      0x35f libs/gcc/app_start.lib(gpio.o)
 .debug_loc     0x00007331      0x4f8 libs/gcc/app_start.lib(iic.o)
 .debug_loc     0x00007829       0xdf libs/gcc/app_start.lib(memory.o)
 .debug_loc     0x00007908       0xba libs/gcc/app_start.lib(power.o)
 .debug_loc     0x000079c2      0x394 libs/gcc/app_start.lib(ql_func.o)
 .debug_loc     0x00007d56      0x104 libs/gcc/app_start.lib(ql_main.o)
 .debug_loc     0x00007e5a       0x60 libs/gcc/app_start.lib(ril_aux.o)
 .debug_loc     0x00007eba      0x838 libs/gcc/app_start.lib(ril_main.o)
 .debug_loc     0x000086f2      0xd09 libs/gcc/app_start.lib(stdlib_func.o)
 .debug_loc     0x000093fb      0x19a libs/gcc/app_start.lib(system.o)
 .debug_loc     0x00009595      0x9be libs/gcc/app_start.lib(taskMngt.o)
 .debug_loc     0x00009f53      0x2a5 libs/gcc/app_start.lib(timer.o)
 .debug_loc     0x0000a1f8      0x3b0 libs/gcc/app_start.lib(uart.o)
